// Jest Snapshot v1, https://goo.gl/fbAQLP

exports[`Registration Component should render Registration Component 1`] = `
<section>
  <h2>
    Registration Form
  </h2>
  <form
    onSubmit={[Function]}
  >
    <div
      className="form__group"
    >
      <label
        className="form__label"
        htmlFor="fname"
      >
        email
        <input
          className="form__input"
          id="email"
          name="email"
          onChange={[Function]}
          pattern="[a-z0-9._%+-]+@[a-z0-9.-]+\\\\.[a-z]{2,}$"
          placeholder="Email"
          required={true}
          type="email"
          value=""
        />
      </label>
    </div>
    <div
      className="form__group"
    >
      <label
        className="form__label"
        htmlFor="password"
      >
        Password
        <input
          className="form__input"
          id="password"
          name="password"
          onChange={[Function]}
          placeholder="Password"
          required={true}
          type="password"
          value=""
        />
      </label>
    </div>
    <div
      className="form__group"
    >
      <label
        className="form__label"
        htmlFor="password_confirmation"
      >
        Password Confirmation
        <input
          className="form__input"
          id="password"
          name="password_confirmation"
          onChange={[Function]}
          placeholder="Password Confirmation"
          required={true}
          type="password"
          value=""
        />
      </label>
    </div>
    <div
      className="form__group form-btn"
    >
      <button
        type="submit"
      >
         Sign In 
      </button>
    </div>
  </form>
</section>
`;
